{"level":"info","message":"Listening on 5175","timestamp":"2026-04-03T13:11:37.076Z"}
{"level":"info","message":"[REQ] Visited : POST /auth/google","timestamp":"2026-04-03T13:11:51.296Z"}
{"level":"info","message":{"aud":"643995195692-0nf56p340fn2us9nendjv0t1v3rvp2kj.apps.googleusercontent.com","exp":1775223783,"iss":"https://accounts.google.com"},"timestamp":"2026-04-03T13:11:51.430Z"}
{"level":"info","message":"User not existing in DB, creating user...","timestamp":"2026-04-03T13:11:51.434Z"}
{"level":"info","message":"Listening on 5175","timestamp":"2026-04-03T13:12:31.855Z"}
{"level":"info","message":"Listening on 5175","timestamp":"2026-04-03T13:12:35.037Z"}
{"level":"info","message":"Listening on 5175","timestamp":"2026-04-03T13:12:36.257Z"}
{"level":"info","message":"Listening on 5175","timestamp":"2026-04-03T13:12:39.231Z"}
{"level":"info","message":"Listening on 5175","timestamp":"2026-04-03T13:12:45.011Z"}
{"level":"info","message":"Listening on 5175","timestamp":"2026-04-03T13:12:53.192Z"}
{"level":"info","message":"Listening on 5175","timestamp":"2026-04-03T13:12:54.733Z"}
{"level":"info","message":"Listening on 5175","timestamp":"2026-04-03T13:12:56.149Z"}
{"level":"info","message":"Listening on 5175","timestamp":"2026-04-03T13:12:58.108Z"}
{"level":"info","message":"Listening on 5175","timestamp":"2026-04-03T13:13:04.650Z"}
{"level":"info","message":"[REQ] Visited : POST /auth/google","timestamp":"2026-04-03T13:13:05.251Z"}
{"level":"info","message":{"aud":"643995195692-0nf56p340fn2us9nendjv0t1v3rvp2kj.apps.googleusercontent.com","exp":1775223783,"iss":"https://accounts.google.com"},"timestamp":"2026-04-03T13:13:05.417Z"}
{"level":"info","message":"User not existing in DB, creating user...","timestamp":"2026-04-03T13:13:05.422Z"}
{"level":"info","message":"[REQ] Visited : GET /pdown","timestamp":"2026-04-03T13:13:42.966Z"}
{"level":"info","message":"[REQ] Visited : POST /auth/checktoken","timestamp":"2026-04-03T13:14:26.058Z"}
{"level":"info","message":"JWT is valid","timestamp":"2026-04-03T13:14:26.060Z"}
{"level":"info","message":"User ID carried by token : ","timestamp":"2026-04-03T13:14:26.060Z"}
{"code":"ER_BAD_FIELD_ERROR","errno":1054,"fatal":false,"level":"error","message":"Auth middleware error :  (conn:5830, no: 1054, SQLState: 42S22) Unknown column 'NaN' in 'WHERE'\nsql: SELECT id FROM Users WHERE id = ? LIMIT 1 - parameters:[NaN]","name":"SqlError","sql":"SELECT id FROM Users WHERE id = ? LIMIT 1 - parameters:[NaN]","sqlMessage":"Unknown column 'NaN' in 'WHERE'","sqlState":"42S22","stack":"SqlError: (conn:5830, no: 1054, SQLState: 42S22) Unknown column 'NaN' in 'WHERE'\nsql: SELECT id FROM Users WHERE id = ? LIMIT 1 - parameters:[NaN]\n    at Module.createError (file:///home/gaia/dev/sle/asyna/backend/node_modules/mariadb/lib/misc/errors.js:66:10)\n    at PacketNodeEncoded.readError (file:///home/gaia/dev/sle/asyna/backend/node_modules/mariadb/lib/io/packet.js:595:19)\n    at Query.handleErrorPacket (file:///home/gaia/dev/sle/asyna/backend/node_modules/mariadb/lib/cmd/parser.js:92:24)\n    at Query.readResponsePacket (file:///home/gaia/dev/sle/asyna/backend/node_modules/mariadb/lib/cmd/parser.js:70:21)\n    at PacketInputStream.receivePacketBasic (file:///home/gaia/dev/sle/asyna/backend/node_modules/mariadb/lib/io/packet-input-stream.js:94:9)\n    at PacketInputStream.onData (file:///home/gaia/dev/sle/asyna/backend/node_modules/mariadb/lib/io/packet-input-stream.js:151:20)\n    at Socket.emit (node:events:508:28)\n    at addChunk (node:internal/streams/readable:559:12)\n    at readableAddChunkPushByteMode (node:internal/streams/readable:510:3)\n    at Readable.push (node:internal/streams/readable:390:5)","timestamp":"2026-04-03T13:14:26.064Z"}
{"level":"info","message":"Listening on 5175","timestamp":"2026-04-03T13:14:56.199Z"}
{"level":"info","message":"Listening on 5175","timestamp":"2026-04-03T13:15:09.711Z"}
{"level":"info","message":"Listening on 5175","timestamp":"2026-04-03T13:15:15.244Z"}
{"level":"info","message":"[REQ] Visited : POST /auth/checktoken","timestamp":"2026-04-03T13:15:19.574Z"}
{"level":"info","message":"JWT is valid","timestamp":"2026-04-03T13:15:19.578Z"}
{"level":"info","message":{"exp":1775826785,"iat":1775221985,"userId":8},"timestamp":"2026-04-03T13:15:19.578Z"}
{"level":"info","message":"User ID carried by token : ","timestamp":"2026-04-03T13:15:19.578Z"}
{"code":"ER_BAD_FIELD_ERROR","errno":1054,"fatal":false,"level":"error","message":"Auth middleware error :  (conn:5845, no: 1054, SQLState: 42S22) Unknown column 'NaN' in 'WHERE'\nsql: SELECT id FROM Users WHERE id = ? LIMIT 1 - parameters:[NaN]","name":"SqlError","sql":"SELECT id FROM Users WHERE id = ? LIMIT 1 - parameters:[NaN]","sqlMessage":"Unknown column 'NaN' in 'WHERE'","sqlState":"42S22","stack":"SqlError: (conn:5845, no: 1054, SQLState: 42S22) Unknown column 'NaN' in 'WHERE'\nsql: SELECT id FROM Users WHERE id = ? LIMIT 1 - parameters:[NaN]\n    at Module.createError (file:///home/gaia/dev/sle/asyna/backend/node_modules/mariadb/lib/misc/errors.js:66:10)\n    at PacketNodeEncoded.readError (file:///home/gaia/dev/sle/asyna/backend/node_modules/mariadb/lib/io/packet.js:595:19)\n    at Query.handleErrorPacket (file:///home/gaia/dev/sle/asyna/backend/node_modules/mariadb/lib/cmd/parser.js:92:24)\n    at Query.readResponsePacket (file:///home/gaia/dev/sle/asyna/backend/node_modules/mariadb/lib/cmd/parser.js:70:21)\n    at PacketInputStream.receivePacketBasic (file:///home/gaia/dev/sle/asyna/backend/node_modules/mariadb/lib/io/packet-input-stream.js:94:9)\n    at PacketInputStream.onData (file:///home/gaia/dev/sle/asyna/backend/node_modules/mariadb/lib/io/packet-input-stream.js:151:20)\n    at Socket.emit (node:events:508:28)\n    at addChunk (node:internal/streams/readable:559:12)\n    at readableAddChunkPushByteMode (node:internal/streams/readable:510:3)\n    at Readable.push (node:internal/streams/readable:390:5)","timestamp":"2026-04-03T13:15:19.582Z"}
{"level":"info","message":"Listening on 5175","timestamp":"2026-04-03T13:15:52.421Z"}
{"level":"info","message":"[REQ] Visited : POST /auth/checktoken","timestamp":"2026-04-03T13:16:10.467Z"}
{"level":"info","message":"JWT is valid","timestamp":"2026-04-03T13:16:10.471Z"}
{"level":"info","message":{"exp":1775826785,"iat":1775221985,"userId":8},"timestamp":"2026-04-03T13:16:10.471Z"}
{"level":"info","message":"User ID carried by token : ","timestamp":"2026-04-03T13:16:10.472Z"}
{"code":"ER_BAD_FIELD_ERROR","errno":1054,"fatal":false,"level":"error","message":"Auth middleware error :  (conn:5850, no: 1054, SQLState: 42S22) Unknown column 'NaN' in 'WHERE'\nsql: SELECT id FROM Users WHERE id = ? LIMIT 1 - parameters:[NaN]","name":"SqlError","sql":"SELECT id FROM Users WHERE id = ? LIMIT 1 - parameters:[NaN]","sqlMessage":"Unknown column 'NaN' in 'WHERE'","sqlState":"42S22","stack":"SqlError: (conn:5850, no: 1054, SQLState: 42S22) Unknown column 'NaN' in 'WHERE'\nsql: SELECT id FROM Users WHERE id = ? LIMIT 1 - parameters:[NaN]\n    at Module.createError (file:///home/gaia/dev/sle/asyna/backend/node_modules/mariadb/lib/misc/errors.js:66:10)\n    at PacketNodeEncoded.readError (file:///home/gaia/dev/sle/asyna/backend/node_modules/mariadb/lib/io/packet.js:595:19)\n    at Query.handleErrorPacket (file:///home/gaia/dev/sle/asyna/backend/node_modules/mariadb/lib/cmd/parser.js:92:24)\n    at Query.readResponsePacket (file:///home/gaia/dev/sle/asyna/backend/node_modules/mariadb/lib/cmd/parser.js:70:21)\n    at PacketInputStream.receivePacketBasic (file:///home/gaia/dev/sle/asyna/backend/node_modules/mariadb/lib/io/packet-input-stream.js:94:9)\n    at PacketInputStream.onData (file:///home/gaia/dev/sle/asyna/backend/node_modules/mariadb/lib/io/packet-input-stream.js:151:20)\n    at Socket.emit (node:events:508:28)\n    at addChunk (node:internal/streams/readable:559:12)\n    at readableAddChunkPushByteMode (node:internal/streams/readable:510:3)\n    at Readable.push (node:internal/streams/readable:390:5)","timestamp":"2026-04-03T13:16:10.475Z"}
{"level":"info","message":"Listening on 5175","timestamp":"2026-04-03T13:17:34.113Z"}
{"level":"info","message":"Listening on 5175","timestamp":"2026-04-03T13:17:36.034Z"}
{"level":"info","message":"[REQ] Visited : POST /auth/checktoken","timestamp":"2026-04-03T13:17:42.609Z"}
{"level":"info","message":"JWT is valid","timestamp":"2026-04-03T13:17:42.612Z"}
{"level":"info","message":{"exp":1775826785,"iat":1775221985,"userId":8},"timestamp":"2026-04-03T13:17:42.613Z"}
{"level":"info","message":"User ID carried by token : ","timestamp":"2026-04-03T13:17:42.613Z"}
{"code":"ER_BAD_FIELD_ERROR","errno":1054,"fatal":false,"level":"error","message":"Auth middleware error :  (conn:5860, no: 1054, SQLState: 42S22) Unknown column 'NaN' in 'WHERE'\nsql: SELECT id FROM Users WHERE id = ? LIMIT 1 - parameters:[NaN]","name":"SqlError","sql":"SELECT id FROM Users WHERE id = ? LIMIT 1 - parameters:[NaN]","sqlMessage":"Unknown column 'NaN' in 'WHERE'","sqlState":"42S22","stack":"SqlError: (conn:5860, no: 1054, SQLState: 42S22) Unknown column 'NaN' in 'WHERE'\nsql: SELECT id FROM Users WHERE id = ? LIMIT 1 - parameters:[NaN]\n    at Module.createError (file:///home/gaia/dev/sle/asyna/backend/node_modules/mariadb/lib/misc/errors.js:66:10)\n    at PacketNodeEncoded.readError (file:///home/gaia/dev/sle/asyna/backend/node_modules/mariadb/lib/io/packet.js:595:19)\n    at Query.handleErrorPacket (file:///home/gaia/dev/sle/asyna/backend/node_modules/mariadb/lib/cmd/parser.js:92:24)\n    at Query.readResponsePacket (file:///home/gaia/dev/sle/asyna/backend/node_modules/mariadb/lib/cmd/parser.js:70:21)\n    at PacketInputStream.receivePacketBasic (file:///home/gaia/dev/sle/asyna/backend/node_modules/mariadb/lib/io/packet-input-stream.js:94:9)\n    at PacketInputStream.onData (file:///home/gaia/dev/sle/asyna/backend/node_modules/mariadb/lib/io/packet-input-stream.js:151:20)\n    at Socket.emit (node:events:508:28)\n    at addChunk (node:internal/streams/readable:559:12)\n    at readableAddChunkPushByteMode (node:internal/streams/readable:510:3)\n    at Readable.push (node:internal/streams/readable:390:5)","timestamp":"2026-04-03T13:17:42.617Z"}
{"level":"info","message":"Listening on 5175","timestamp":"2026-04-03T13:17:55.188Z"}
{"level":"info","message":"[REQ] Visited : POST /auth/checktoken","timestamp":"2026-04-03T13:17:59.873Z"}
{"level":"info","message":"JWT is valid","timestamp":"2026-04-03T13:17:59.877Z"}
{"level":"info","message":{"exp":1775826785,"iat":1775221985,"userId":8},"timestamp":"2026-04-03T13:17:59.877Z"}
{"level":"info","message":true,"timestamp":"2026-04-03T13:17:59.877Z"}
{"level":"info","message":"User ID carried by token : ","timestamp":"2026-04-03T13:17:59.878Z"}
{"code":"ER_BAD_FIELD_ERROR","errno":1054,"fatal":false,"level":"error","message":"Auth middleware error :  (conn:5865, no: 1054, SQLState: 42S22) Unknown column 'NaN' in 'WHERE'\nsql: SELECT id FROM Users WHERE id = ? LIMIT 1 - parameters:[NaN]","name":"SqlError","sql":"SELECT id FROM Users WHERE id = ? LIMIT 1 - parameters:[NaN]","sqlMessage":"Unknown column 'NaN' in 'WHERE'","sqlState":"42S22","stack":"SqlError: (conn:5865, no: 1054, SQLState: 42S22) Unknown column 'NaN' in 'WHERE'\nsql: SELECT id FROM Users WHERE id = ? LIMIT 1 - parameters:[NaN]\n    at Module.createError (file:///home/gaia/dev/sle/asyna/backend/node_modules/mariadb/lib/misc/errors.js:66:10)\n    at PacketNodeEncoded.readError (file:///home/gaia/dev/sle/asyna/backend/node_modules/mariadb/lib/io/packet.js:595:19)\n    at Query.handleErrorPacket (file:///home/gaia/dev/sle/asyna/backend/node_modules/mariadb/lib/cmd/parser.js:92:24)\n    at Query.readResponsePacket (file:///home/gaia/dev/sle/asyna/backend/node_modules/mariadb/lib/cmd/parser.js:70:21)\n    at PacketInputStream.receivePacketBasic (file:///home/gaia/dev/sle/asyna/backend/node_modules/mariadb/lib/io/packet-input-stream.js:94:9)\n    at PacketInputStream.onData (file:///home/gaia/dev/sle/asyna/backend/node_modules/mariadb/lib/io/packet-input-stream.js:151:20)\n    at Socket.emit (node:events:508:28)\n    at addChunk (node:internal/streams/readable:559:12)\n    at readableAddChunkPushByteMode (node:internal/streams/readable:510:3)\n    at Readable.push (node:internal/streams/readable:390:5)","timestamp":"2026-04-03T13:17:59.881Z"}
{"level":"info","message":"Listening on 5175","timestamp":"2026-04-03T13:18:09.232Z"}
{"level":"info","message":"Listening on 5175","timestamp":"2026-04-03T13:18:30.217Z"}
{"level":"info","message":"Listening on 5175","timestamp":"2026-04-03T13:18:38.793Z"}
{"level":"info","message":"Listening on 5175","timestamp":"2026-04-03T13:18:41.100Z"}
{"level":"info","message":"[REQ] Visited : POST /auth/google","timestamp":"2026-04-03T13:20:10.002Z"}
{"level":"info","message":{"aud":"643995195692-0nf56p340fn2us9nendjv0t1v3rvp2kj.apps.googleusercontent.com","exp":1775223783,"iss":"https://accounts.google.com"},"timestamp":"2026-04-03T13:20:10.190Z"}
{"level":"info","message":"[REQ] Visited : POST /auth/checktoken","timestamp":"2026-04-03T13:20:32.661Z"}
{"level":"info","message":"JWT is valid","timestamp":"2026-04-03T13:20:32.663Z"}
{"level":"info","message":{"exp":1775827210,"iat":1775222410,"userId":8},"timestamp":"2026-04-03T13:20:32.664Z"}
{"level":"info","message":"User ID carried by token : ","timestamp":"2026-04-03T13:20:32.665Z"}
{"code":"ER_BAD_FIELD_ERROR","errno":1054,"fatal":false,"level":"error","message":"Auth middleware error :  (conn:5886, no: 1054, SQLState: 42S22) Unknown column 'NaN' in 'WHERE'\nsql: SELECT id FROM Users WHERE id = ? LIMIT 1 - parameters:[NaN]","name":"SqlError","sql":"SELECT id FROM Users WHERE id = ? LIMIT 1 - parameters:[NaN]","sqlMessage":"Unknown column 'NaN' in 'WHERE'","sqlState":"42S22","stack":"SqlError: (conn:5886, no: 1054, SQLState: 42S22) Unknown column 'NaN' in 'WHERE'\nsql: SELECT id FROM Users WHERE id = ? LIMIT 1 - parameters:[NaN]\n    at Module.createError (file:///home/gaia/dev/sle/asyna/backend/node_modules/mariadb/lib/misc/errors.js:66:10)\n    at PacketNodeEncoded.readError (file:///home/gaia/dev/sle/asyna/backend/node_modules/mariadb/lib/io/packet.js:595:19)\n    at Query.handleErrorPacket (file:///home/gaia/dev/sle/asyna/backend/node_modules/mariadb/lib/cmd/parser.js:92:24)\n    at Query.readResponsePacket (file:///home/gaia/dev/sle/asyna/backend/node_modules/mariadb/lib/cmd/parser.js:70:21)\n    at PacketInputStream.receivePacketBasic (file:///home/gaia/dev/sle/asyna/backend/node_modules/mariadb/lib/io/packet-input-stream.js:94:9)\n    at PacketInputStream.onData (file:///home/gaia/dev/sle/asyna/backend/node_modules/mariadb/lib/io/packet-input-stream.js:151:20)\n    at Socket.emit (node:events:508:28)\n    at addChunk (node:internal/streams/readable:559:12)\n    at readableAddChunkPushByteMode (node:internal/streams/readable:510:3)\n    at Readable.push (node:internal/streams/readable:390:5)","timestamp":"2026-04-03T13:20:32.667Z"}
{"level":"info","message":"Listening on 5175","timestamp":"2026-04-03T13:21:02.882Z"}
{"level":"info","message":"Listening on 5175","timestamp":"2026-04-03T13:21:06.985Z"}
{"level":"info","message":"[REQ] Visited : POST /auth/google","timestamp":"2026-04-03T13:21:31.358Z"}
{"level":"info","message":{"aud":"643995195692-0nf56p340fn2us9nendjv0t1v3rvp2kj.apps.googleusercontent.com","exp":1775223783,"iss":"https://accounts.google.com"},"timestamp":"2026-04-03T13:21:31.464Z"}
{"level":"info","message":"[REQ] Visited : POST /auth/checktoken","timestamp":"2026-04-03T13:21:39.610Z"}
{"level":"info","message":"JWT is valid","timestamp":"2026-04-03T13:21:39.612Z"}
{"level":"info","message":{"exp":1775827291,"iat":1775222491,"sub":8},"timestamp":"2026-04-03T13:21:39.612Z"}
{"level":"info","message":"User ID carried by token : ","timestamp":"2026-04-03T13:21:39.612Z"}
